// Jest Snapshot v1, https://goo.gl/fbAQLP

exports[`Post Renders a post and doesn't blow up 1`] = `
<DocumentFragment>
  <div
    aria-label="Public post by author with 0 comments and 0 likes written on March 14th, 2021"
    class="post single-post"
    data-author="author"
    role="article"
  >
    <div
      class="expandable expanded"
    >
      <div
        class="post-userpic"
      >
        <a
          class="picture pictureLarge post-userpic-img"
        >
          <img
            alt="Profile picture of author"
            height="75"
            loading="lazy"
            width="75"
          />
        </a>
      </div>
      <div
        aria-label="Post body"
        class="post-body"
        role="region"
      >
        <div
          class="post-header"
        >
          <span
            class="user-name-wrapper"
          >
            <a
              class="post-author"
            >
              <span
                dir="ltr"
              >
                You
              </span>
            </a>
          </span>
        </div>
        <div
          class="post-text"
        >
          <span
            class="Linkify"
            dir="auto"
            role="region"
          >
            <span>
              Line 1
            </span>
            <br />
            <span>
              Line 2
            </span>
          </span>
        </div>
      </div>
    </div>
    <div
      class="post-body"
    >
      <div />
      <div
        class="dropzone-previews"
      />
      <div
        aria-label="Post footer"
        class="post-footer"
        role="region"
      >
        <div
          class="post-footer-icon"
        >
          <svg
            class="post-lock-icon post-public-icon fa-icon fa-icon-fas-globe-americas"
            role="button"
            xmlns="http://www.w3.org/2000/svg"
          >
            <title>
              This entry is public
            </title>
            <use
              xlink:href="#fa-icon-fas-globe-americas"
            />
          </svg>
        </div>
        <div
          class="post-footer-content"
        >
          <span
            class="post-footer-block"
          >
            <span
              class="post-footer-item"
            >
              <a
                class="post-timestamp"
              >
                <time
                  datetime="2021-03-14T03:23:59.035Z"
                  title="Mar 14, 2021 03:23"
                >
                  Mar 14, 2021
                </time>
              </a>
            </span>
          </span>
          <span
            class="post-footer-block"
            role="region"
          >
            <span
              class="post-footer-item"
            >
              <a
                aria-disabled="false"
                class="post-action"
                role="button"
                tabindex="0"
              >
                Comment
              </a>
            </span>
            <span
              class="post-footer-item"
            >
              <a
                aria-disabled="false"
                class="post-action"
                role="button"
                tabindex="0"
              >
                Like
              </a>
            </span>
            <span
              class="post-footer-item"
            >
              <a
                aria-disabled="false"
                aria-expanded="false"
                aria-haspopup="true"
                class="post-action"
                role="button"
                tabindex="0"
              >
                <span
                  class="root"
                >
                  More
                </span>
              </a>
            </span>
          </span>
        </div>
      </div>
      <div />
      <div />
    </div>
  </div>
</DocumentFragment>
`;

exports[`Post Renders a textarea with post text when editing the post 1`] = `
<div
  aria-label="Post body"
  class="post-body"
  role="region"
>
  <div>
    <div
      aria-label="Choose post destination"
      class="send-to"
    >
      <div>
        <div>
          <div>
            Loading selector...
          </div>
        </div>
      </div>
    </div>
    <div
      class="post-privacy-warning"
    />
  </div>
  <div
    class="post-editor"
  >
    <div>
      Cannot load Dropzone component
    </div>
    <div>
      <textarea
        class="post-textarea"
        dir="auto"
        maxlength="3000"
      >
        Line 1
Line 2
      </textarea>
    </div>
    <div
      class="post-edit-actions"
    >
      <div
        class="post-edit-options"
      >
        <span
          class="post-edit-attachments dropzone-trigger"
          role="button"
        >
          <svg
            class="upload-icon fa-icon fa-icon-fas-paperclip"
            xmlns="http://www.w3.org/2000/svg"
          >
            <use
              xlink:href="#fa-icon-fas-paperclip"
            />
          </svg>
           Add photos or files
        </span>
      </div>
      <span
        class="post-edit-hint submit-mode-hint submit-mode-hint--visible"
      >
        (
        Enter
         to submit)
      </span>
      <div
        class="post-edit-buttons"
      >
        <a
          class="post-cancel"
        >
          Cancel
        </a>
        <button
          class="btn btn-default btn-xs"
        >
          Update
        </button>
      </div>
    </div>
  </div>
</div>
`;
